root@ODBS-VIGNESH:~/git_task# cd ..
root@ODBS-VIGNESH:~# ls
documents  git_task  hosting  my_folder  snap  task  task3.sh
root@ODBS-VIGNESH:~# ls -la
total 100
drwx------ 12 root root  4096 Oct  8 01:11 .
drwxr-xr-x 24 root root  4096 Oct  8 01:10 ..
-rw-------  1 root root 13188 Oct  7 20:53 .bash_history
-rw-r--r--  1 root root  3140 Oct  6 11:40 .bashrc
drwx------  2 root root  4096 Aug 25 11:12 .cache
drwx------  4 root root  4096 Sep 15 12:32 .config
-rw-r--r--  1 root root    85 Oct  6 12:27 .gitconfig
-rw-------  1 root root    20 Oct  6 12:29 .lesshst
drwxr-xr-x  3 root root  4096 Sep 20 15:53 .local
-rw-r--r--  1 root root     0 Oct  8 01:10 .motd_shown
drwxr-xr-x  3 root root  4096 Oct  6 11:39 .npm
-rw-r--r--  1 root root   161 Jul  9  2019 .profile
-rw-------  1 root root 16869 Oct  7 18:47 .viminfo
drwxr-xr-x  2 root root  4096 Sep 13 19:06 documents
drwxr-xr-x  3 root root  4096 Oct  8 01:13 git_task
drwxr-xr-x  3 root root  4096 Oct  6 12:36 hosting
drwxr-xr-x  3 root root  4096 Sep 22 12:26 my_folder
drwx------  4 root root  4096 Sep 13 16:12 snap
drwxr-xr-x  2 root root  4096 Oct  7 18:47 task
-rwx--x--x  1 root root     0 Sep 24 08:30 task3.sh
root@ODBS-VIGNESH:~# cd git_task/
root@ODBS-VIGNESH:~/git_task# ls
app.css  script.sh  website.html
root@ODBS-VIGNESH:~/git_task# ls -la
total 12
drwxr-xr-x  3 root root 4096 Oct  8 01:13 .
drwx------ 12 root root 4096 Oct  8 01:11 ..
drwxr-xr-x  8 root root 4096 Oct  8 01:41 .git
-rw-r--r--  1 root root    0 Oct  8 01:11 app.css
-rw-r--r--  1 root root    0 Oct  8 01:11 script.sh
-rw-r--r--  1 root root    0 Oct  8 01:11 website.html
root@ODBS-VIGNESH:~/git_task# git status
On branch master
Your branch is up to date with 'origin/master'.

nothing to commit, working tree clean
root@ODBS-VIGNESH:~/git_task# git checkout master
Already on 'master'
Your branch is up to date with 'origin/master'.
root@ODBS-VIGNESH:~/git_task# git merge branch-1
merge: branch-1 - not something we can merge
root@ODBS-VIGNESH:~/git_task# git push origin master
Username for 'https://github.com': vignesh
Password for 'https://vignesh@github.com':
Everything up-to-date
root@ODBS-VIGNESH:~/git_task# git checkout branch-1
error: pathspec 'branch-1' did not match any file(s) known to git
root@ODBS-VIGNESH:~/git_task# git branch -a
* master
  remotes/origin/master
root@ODBS-VIGNESH:~/git_task# git branch -r
  origin/master
root@ODBS-VIGNESH:~/git_task# git branch --show-current
master
root@ODBS-VIGNESH:~/git_task# git checkout master
Already on 'master'
Your branch is up to date with 'origin/master'.
root@ODBS-VIGNESH:~/git_task# git checkout 'origin/branch-1'
error: pathspec 'origin/branch-1' did not match any file(s) known to git
root@ODBS-VIGNESH:~/git_task# ls
app.css  script.sh  website.html
root@ODBS-VIGNESH:~/git_task# ls -a
.  ..  .git  app.css  script.sh  website.html
root@ODBS-VIGNESH:~/git_task# cd..
cd..: command not found
root@ODBS-VIGNESH:~/git_task# cd ..
root@ODBS-VIGNESH:~# ls
documents  git_task  hosting  my_folder  snap  task  task3.sh
root@ODBS-VIGNESH:~# cd git_task/
root@ODBS-VIGNESH:~/git_task# ls
app.css  script.sh  website.html
root@ODBS-VIGNESH:~/git_task# git branch --show-current
master
root@ODBS-VIGNESH:~/git_task# git branch -a
* master
  remotes/origin/master
root@ODBS-VIGNESH:~/git_task# git rebase master
Current branch master is up to date.
root@ODBS-VIGNESH:~/git_task# git push --force-with-lease origin branch-1
error: src refspec branch-1 does not match any
error: failed to push some refs to 'https://github.com/zaarthulvignesh3003/git_task.git'
root@ODBS-VIGNESH:~/git_task# git checkout -b branch-1
Switched to a new branch 'branch-1'
root@ODBS-VIGNESH:~/git_task# git stash
No local changes to save
root@ODBS-VIGNESH:~/git_task# git checkout master
git merge branch-1
git push origin master
Switched to branch 'master'
Your branch is up to date with 'origin/master'.
Already up to date.
Username for 'https://github.com': vignesh
Password for 'https://vignesh@github.com':
To https://github.com/zaarthulvignesh3003/git_task.git
 ! [rejected]        master -> master (fetch first)
error: failed to push some refs to 'https://github.com/zaarthulvignesh3003/git_task.git'
hint: Updates were rejected because the remote contains work that you do
hint: not have locally. This is usually caused by another repository pushing
hint: to the same ref. You may want to first integrate the remote changes
hint: (e.g., 'git pull ...') before pushing again.
hint: See the 'Note about fast-forwards' in 'git push --help' for details.
root@ODBS-VIGNESH:~/git_task# git checkout master
Already on 'master'
Your branch is up to date with 'origin/master'.
root@ODBS-VIGNESH:~/git_task# git merge branch-1
Already up to date.
root@ODBS-VIGNESH:~/git_task# git push origin master
Username for 'https://github.com': vignesh
Password for 'https://vignesh@github.com':
To https://github.com/zaarthulvignesh3003/git_task.git
 ! [rejected]        master -> master (fetch first)
error: failed to push some refs to 'https://github.com/zaarthulvignesh3003/git_task.git'
hint: Updates were rejected because the remote contains work that you do
hint: not have locally. This is usually caused by another repository pushing
hint: to the same ref. You may want to first integrate the remote changes
hint: (e.g., 'git pull ...') before pushing again.
hint: See the 'Note about fast-forwards' in 'git push --help' for details.
root@ODBS-VIGNESH:~/git_task#
