root@ODBS-VIGNESH:~# ls
documents  my_folder  snap
root@ODBS-VIGNESH:~#
root@ODBS-VIGNESH:~# mk dir task
mk: command not found
root@ODBS-VIGNESH:~# mkdir task
root@ODBS-VIGNESH:~# cd task
root@ODBS-VIGNESH:~/task# ls
root@ODBS-VIGNESH:~/task# vim task2.sh
root@ODBS-VIGNESH:~/task# sh task2.sh
HTTP Status Code: 200
Success: The website is up and running.
root@ODBS-VIGNESH:~/task# ./check_status.sh
-bash: ./check_status.sh: No such file or directory
root@ODBS-VIGNESH:~/task# ./TASK2.SH
-bash: ./TASK2.SH: No such file or directory
root@ODBS-VIGNESH:~/task# ./task2.sh
-bash: ./task2.sh: Permission denied
root@ODBS-VIGNESH:~/task# chmod +x task2.sh
root@ODBS-VIGNESH:~/task# ./task2.sh
HTTP Status Code: 200
Success: The website is up and running.
root@ODBS-VIGNESH:~/task# cat task2.sh
#!/bin/bash


# Send a request to the website and get the HTTP status code
status_code=$(curl -o /dev/null -s -w "%{http_code}" https://www.guvi.in)

# Print the status code
echo "HTTP Status Code: $status_code"

# Check the status code and print the success/failure message
if [ "$status_code" -ge 200 ] && [ "$status_code" -lt 300 ]; then
    echo "Success: The website is up and running."
elif [ "$status_code" -ge 400 ] && [ "$status_code" -lt 500 ]; then
    echo "Client Error: There was a problem with the request."
elif [ "$status_code" -ge 500 ] && [ "$status_code" -lt 600 ]; then
    echo "Server Error: The server encountered an issue."
else
    echo "Failure: The website is not responding as expected."
fi

root@ODBS-VIGNESH:~/task# chmod +x task2.sh
root@ODBS-VIGNESH:~/task# ./task2.sh
HTTP Status Code: 200
Success: The website is up and running.
root@ODBS-VIGNESH:~/task#
